Connected to 'nananom' successfully.
✅ Migrated /opt/lampp/htdocs/nananom_farms/migrations/2025_07_18_001_create_roles_table.php
✅ Migrated /opt/lampp/htdocs/nananom_farms/migrations/2025_07_18__002_create_users_table.php
✅ Migrated /opt/lampp/htdocs/nananom_farms/migrations/2025_07_18_create_bookings_table.php
✅ Migrated /opt/lampp/htdocs/nananom_farms/migrations/2025_07_18_create_enquiries_table.php
✅ Migrated /opt/lampp/htdocs/nananom_farms/migrations/2025_07_18_create_services_table.php
Connected to 'nananom' successfully.
✅ Migrated 2025_07_18_001_create_roles_table.php
✅ Migrated 2025_07_18__002_create_users_table.php
✅ Migrated 2025_07_18_create_bookings_table.php
✅ Migrated 2025_07_18_create_enquiries_table.php
✅ Migrated 2025_07_18_create_services_table.php
✅ Migrated 2025_07_19_000000_create_migrations_table.php
Connected to 'nananom' successfully.
✅ Migrated 2025_07_18_001_create_roles_table.php
✅ Migrated 2025_07_18__002_create_users_table.php
✅ Migrated 2025_07_18_create_bookings_table.php
✅ Migrated 2025_07_18_create_enquiries_table.php
✅ Migrated 2025_07_18_create_services_table.php
✅ Migrated 2025_07_19_000000_create_migrations_table.php
✅ Migrated 2025_07_19_create_feeback_table.php
✅ Migrated 2025_07_19_create_session_table.php
Connected to 'nananom' successfully.
<<<<<<< HEAD
✅ Migrated 2025_07_18_001_create_roles_table.php
✅ Migrated 2025_07_18__002_create_users_table.php
✅ Migrated 2025_07_18_create_bookings_table.php
✅ Migrated 2025_07_18_create_enquiries_table.php
✅ Migrated 2025_07_18_create_services_table.php
✅ Migrated 2025_07_19_000000_create_migrations_table.php
✅ Migrated 2025_07_19_create_feeback_table.php
✅ Migrated 2025_07_19_create_session_table.php
=======
>>>>>>> 90b29e2fd10df1e975db2c2a4687b798e24b4b53
